// Jest Snapshot v1, https://goo.gl/fbAQLP

exports[`внешний вид Page_Main 1`] = `
Array [
  <div
    className="main_mainpage"
  >
    <div
      className="main_mainpage_asideleft"
    >
      <h3>
        Новости
      </h3>
    </div>
    <div
      className="main_mainpage_center"
    >
      <p>
        Здравствуйте, дорогие друзья! Перед вами приложение для обучения и тестирования знаний школьников. У нас есть готовые тесты для школьников 1-11 классов по многим предметам. Кроме того, вы можете создавать свои тесты. Чтобы получить доступ к полному функционалу, зарегистрируйтесь!
      </p>
      <p>
        Тесты составлены на основании учебных программ по учебным предметам для учреждений общего среднего образования с русским языком обучения и воспитания.
      </p>
      <div
        className="main_mainpage_button"
      >
        <input
          name=""
          onClick={[Function]}
          type="button"
          value="Узнать больше"
        />
      </div>
    </div>
    <div
      className="main_mainpage_asideright"
    >
      <h3>
        Контакты
      </h3>
    </div>
  </div>,
  <div>
    <div
      className="main_add_no"
    >
      <p>
        Мы очень хотели сделать это приложение полезным и интересным как для учителей, так и для школьников. Надеемся, у нас получилось.
      </p>
      <p>
        Школьники могут проходить тесты без регистрации. Планируется реализовать возможность сохранять результаты пройденных тестов после регистрации ребенка.
      </p>
      <p>
        Учителя также могут иметь доступ ко всем тестам на сайте. Кроме того, каждый учитель может создать свой тест по любому предмету! Макет для создания теста достаточно прост и удобен, но в то же время обладает большим функционалом. Вы можете создавать различные виды тестов (например, текстовый вопрос - выбери один из ответов, текстовый вопрос - запиши ответ, угадай по картинке, соотнеси объекты и т.д.)! После одобрения теста администратом ваш тест станет виден (на выбор только тем, кому вы предоставите на него ссылку, или всем пользователям приложения).
      </p>
      <div>
        <img
          src="../images/school.png"
        />
      </div>
    </div>
  </div>,
]
`;

exports[`внешний вид Page_Useful 1`] = `
<div
  className="usefulpage"
>
  <div
    className="usefulpage_center"
  >
    <div
      className="tasks-table"
    >
      <h3 />
    </div>
  </div>
</div>
`;

exports[`внешний вид PagesLinks 1`] = `
<div
  className="navbar"
>
  <a
    aria-current={null}
    className="PageLink"
    href="/"
    onClick={[Function]}
    style={undefined}
  >
    Главная
  </a>
  <a
    aria-current={null}
    className="PageLink"
    href="/tasks"
    onClick={[Function]}
    style={undefined}
  >
    Тесты
  </a>
  <a
    aria-current={null}
    className="PageLink"
    href="/useful"
    onClick={[Function]}
    style={undefined}
  >
    Полезная информация
  </a>
  <a
    aria-current={null}
    className="PageLink"
    href="/checklogin"
    onClick={[Function]}
    style={undefined}
  >
    Создать свой тест
  </a>
  <a
    aria-current={null}
    className="PageLink"
    href="/login"
    onClick={[Function]}
    style={undefined}
  >
    Зарегистрироваться
  </a>
</div>
`;

exports[`внешний вид компонента Form 1`] = `
<form
  id="quiz-form"
  onSubmit={[Function]}
>
  <h2>
    Форма для создания теста:
  </h2>
  <p>
    (Заполните все предоставленые поля)
  </p>
  <div
    className="quiz-details"
  >
    <div
      className="labels-list"
    >
      <label
        htmlFor="title"
      >
        Название теста:
      </label>
      <label
        htmlFor="subject"
      >
        Предмет:
      </label>
      <label
        htmlFor="form"
      >
        Класс:
      </label>
    </div>
    <div
      className="inputs-list"
    >
      <input
        name="title"
        onChange={[Function]}
        placeholder="Например:Правописание безударных гласных"
        type="text"
        value=""
      />
      <select
        name="subject"
        onChange={[Function]}
        value=""
      >
        <option>
          Выберите предмет
        </option>
        <option
          value="русский язык"
        >
          русский язык
        </option>
        <option
          value="русская литература"
        >
          русская литература
        </option>
        <option
          value="белорусский язык"
        >
          белорусский язык
        </option>
        <option
          value="белорусская литература"
        >
          белорусская литература
        </option>
        <option
          value="математика"
        >
          математика
        </option>
        <option
          value="английский язык"
        >
          английский язык
        </option>
        <option
          value="биология"
        >
          биология
        </option>
        <option
          value="география"
        >
          география
        </option>
        <option
          value="физика"
        >
          физика
        </option>
        <option
          value="химия"
        >
          химия
        </option>
      </select>
      <select
        name="form"
        onChange={[Function]}
        value=""
      >
        <option>
          Выберите класс
        </option>
        <option
          value={1}
        >
          1
        </option>
        <option
          value={2}
        >
          2
        </option>
        <option
          value={3}
        >
          3
        </option>
        <option
          value={4}
        >
          4
        </option>
        <option
          value={5}
        >
          5
        </option>
        <option
          value={6}
        >
          6
        </option>
        <option
          value={7}
        >
          7
        </option>
        <option
          value={8}
        >
          8
        </option>
        <option
          value={9}
        >
          9
        </option>
        <option
          value={10}
        >
          10
        </option>
        <option
          value={11}
        >
          11
        </option>
      </select>
    </div>
  </div>
  <div>
    <button
      onClick={[Function]}
      type="button"
    >
      Создать вопрос №
      1
    </button>
  </div>
  <div
    className="inputs"
  />
  <button
    type="submit"
  >
    Отправить
  </button>
</form>
`;

exports[`внешний вид компонента Header 1`] = `
<div
  className="quiz"
>
  <div
    className="header"
  >
    <div
      className="logo"
    >
      <img
        className="logo_img"
        src="test-file-stub"
      />
    </div>
    <div
      className="registration_block"
    >
      <div
        className=""
        onClick={[Function]}
      >
        Форма обратной связи
      </div>
    </div>
  </div>
</div>
`;

exports[`внешний вид компонента Header 2`] = `
Array [
  <div
    className="quiz"
  >
    <div
      className="header"
    >
      <div
        className="logo"
      >
        <img
          className="logo_img"
          src="test-file-stub"
        />
      </div>
      <div
        className="registration_block"
      >
        <div
          className=""
          onClick={[Function]}
        >
          Форма обратной связи
        </div>
      </div>
    </div>
  </div>,
  <div>
    <div
      className="new_form"
    >
      <h1>
        Форма обратной связи:
      </h1>
      <form
        onSubmit={undefined}
      >
        <div
          className="form-group"
        >
          <label
            htmlFor="exampleInputEmail1"
          >
            Введите свой email:
          </label>
          <input
            aria-describedby="emailHelp"
            className="form-control"
            id="email"
            onChange={undefined}
            placeholder="aaaa@mail.ru"
            type="email"
            value={undefined}
          />
        </div>
        <div
          className="form-group"
        >
          <label
            htmlFor="exampleInputPassword1"
          >
            Введите свое имя:
          </label>
          <input
            className="form-control"
            id="password"
            onChange={undefined}
            placeholder="abc123"
            type="password"
            value={undefined}
          />
        </div>
        <div
          className="form-group"
        >
          <label
            htmlFor="exampleInputRequire"
          >
            Что вы хотите нам сказать:
          </label>
          <textarea
            className="form-control"
            cols="45"
            id="password"
            name="text"
            onChange={undefined}
            placeholder="Мне очень понравилось ваше приложение!"
            rows="10"
            value={undefined}
          />
        </div>
        <button
          className="btn-submit"
          type="submit"
        >
          Отправить
        </button>
      </form>
    </div>
  </div>,
]
`;

exports[`внешний вид компонента Question 1`] = `
Array [
  <div
    className="quiz-question"
  >
    <div>
      <h4>
        Вопрос №
      </h4>
      <label
        htmlFor="question-type"
      >
        Тип вопроса:
      </label>
      <select
        name="question-type"
        onChange={[Function]}
        value=""
      >
        <option>
          Выберите тип вопроса
        </option>
        <option
          value="одиночный выбор"
        >
          одиночный выбор
        </option>
        <option
          value="множественный выбор"
        >
          множественный выбор
        </option>
      </select>
    </div>
    <label
      htmlFor="question"
    >
      Введите вопрос:
    </label>
    <input
      name="question"
      onChange={[Function]}
      placeholder="Например: 3 + 2 ="
      type="text"
      value=""
    />
    <label
      htmlFor="answers"
    >
      Введите варианты ответов и отметьте галочкой правильные ответы:
    </label>
    <div
      className="check-answers"
    >
      <input
        name="answers"
        onChange={[Function]}
        placeholder="Например: 5"
        type="text"
        value=""
      />
      <input
        checked={false}
        onChange={[Function]}
        type="checkbox"
      />
    </div>
    <div
      className="check-answers"
    >
      <input
        name="answers"
        onChange={[Function]}
        placeholder="Например: 4"
        type="text"
        value=""
      />
      <input
        checked={false}
        onChange={[Function]}
        type="checkbox"
      />
    </div>
    <div
      className="check-answers"
    >
      <input
        name="answers"
        onChange={[Function]}
        placeholder="Например: 3"
        type="text"
        value=""
      />
      <input
        checked={false}
        onChange={[Function]}
        type="checkbox"
      />
    </div>
    <div
      className="check-answers"
    >
      <input
        name="answers"
        onChange={[Function]}
        placeholder="Например: не знаю"
        type="text"
        value=""
      />
      <input
        checked={false}
        onChange={[Function]}
        type="checkbox"
      />
    </div>
  </div>,
  <button
    onClick={[Function]}
    type="button"
  >
    Сохранить вопрос
  </button>,
]
`;
